[2025-08-16 18:32:03] [INFO    ] discord.client: logging in using static token
[2025-08-16 18:32:03] [DEBUG   ] discord.http: GET https://discord.com/api/v10/users/@me with None has returned 200
[2025-08-16 18:32:03] [DEBUG   ] discord.http: GET /users/@me has found its initial rate limit bucket hash (78bb8553d9352a5a2f89f9def401287a).
[2025-08-16 18:32:03] [DEBUG   ] discord.http: GET https://discord.com/api/v10/users/@me has received {'id': '1405903785418686575', 'username': 'Quiz Bowl Bot', 'avatar': None, 'discriminator': '9349', 'public_flags': 0, 'flags': 0, 'bot': True, 'banner': None, 'accent_color': None, 'global_name': None, 'avatar_decoration_data': None, 'collectibles': None, 'display_name_styles': None, 'banner_color': None, 'clan': None, 'primary_guild': None, 'mfa_enabled': False, 'locale': 'en-US', 'premium_type': 0, 'email': None, 'verified': True, 'bio': ''}
[2025-08-16 18:32:03] [DEBUG   ] discord.http: GET https://discord.com/api/v10/oauth2/applications/@me with None has returned 200
[2025-08-16 18:32:03] [DEBUG   ] discord.http: GET /oauth2/applications/@me has found its initial rate limit bucket hash (d28a133af187e91d71d96a223467ce49).
[2025-08-16 18:32:03] [DEBUG   ] discord.http: GET https://discord.com/api/v10/oauth2/applications/@me has received {'id': '1405903785418686575', 'name': 'Quiz Bowl Bot', 'icon': None, 'description': '', 'type': None, 'bot': {'id': '1405903785418686575', 'username': 'Quiz Bowl Bot', 'avatar': None, 'discriminator': '9349', 'public_flags': 0, 'flags': 0, 'bot': True, 'banner': None, 'accent_color': None, 'global_name': None, 'avatar_decoration_data': None, 'collectibles': None, 'display_name_styles': None, 'banner_color': None, 'clan': None, 'primary_guild': None}, 'summary': '', 'is_monetized': False, 'is_verified': False, 'is_discoverable': False, 'bot_public': True, 'bot_require_code_grant': False, 'install_params': {'scopes': ['applications.commands'], 'permissions': '0'}, 'integration_types_config': {'0': {'oauth2_install_params': {'scopes': ['applications.commands'], 'permissions': '0'}}, '1': {'oauth2_install_params': {'scopes': ['applications.commands'], 'permissions': '0'}}}, 'verify_key': '8f9a7c914554b78d8c8001d7279e2788898b6b4077683dea699caca9632858c4', 'flags': 557056, 'hook': True, 'storefront_available': False, 'redirect_uris': [], 'interactions_endpoint_url': None, 'role_connections_verification_url': None, 'owner': {'id': '724986178855501907', 'username': 'bestranger11', 'avatar': 'c386c331c956456b21281593cbc318cd', 'discriminator': '0', 'public_flags': 128, 'flags': 128, 'banner': None, 'accent_color': None, 'global_name': 'BestRanger11', 'avatar_decoration_data': None, 'collectibles': None, 'display_name_styles': None, 'banner_color': None, 'clan': None, 'primary_guild': None}, 'approximate_guild_count': 1, 'approximate_user_install_count': 0, 'approximate_user_authorization_count': 0, 'interactions_event_types': [], 'interactions_version': 1, 'explicit_content_filter': 0, 'rpc_application_state': 0, 'store_application_state': 1, 'verification_state': 1, 'integration_public': True, 'integration_require_code_grant': False, 'discoverability_state': 1, 'discovery_eligibility_flags': 224, 'monetization_state': 1, 'verification_eligibility_flags': 91036, 'monetization_eligibility_flags': 181988, 'team': None, 'internal_guild_restriction': 2, 'approved_consoles': []}
[2025-08-16 18:32:03] [DEBUG   ] discord.gateway: Created websocket connected to wss://gateway.discord.gg/
[2025-08-16 18:32:03] [DEBUG   ] discord.gateway: For Shard ID None: WebSocket Event: {'t': None, 's': None, 'op': 10, 'd': {'heartbeat_interval': 41250, '_trace': ['["gateway-prd-arm-us-east1-b-kg0s",{"micros":0.0}]']}}
[2025-08-16 18:32:03] [DEBUG   ] discord.gateway: Shard ID None has sent the IDENTIFY payload.
[2025-08-16 18:32:04] [DEBUG   ] discord.gateway: For Shard ID None: WebSocket Event: {'t': None, 's': None, 'op': 11, 'd': None}
[2025-08-16 18:32:04] [DEBUG   ] discord.gateway: For Shard ID None: WebSocket Event: {'t': 'READY', 's': 1, 'op': 0, 'd': {'v': 10, 'user_settings': {}, 'user': {'verified': True, 'username': 'Quiz Bowl Bot', 'primary_guild': None, 'mfa_enabled': False, 'id': '1405903785418686575', 'global_name': None, 'flags': 0, 'email': None, 'discriminator': '9349', 'clan': None, 'bot': True, 'avatar': None}, 'session_type': 'normal', 'session_id': 'd7f4d368164c6d0fb1d3560d4be62032', 'resume_gateway_url': 'wss://gateway-us-east1-b.discord.gg', 'relationships': [], 'private_channels': [], 'presences': [], 'guilds': [{'unavailable': True, 'id': '1356404307255361546'}], 'guild_join_requests': [], 'geo_ordered_rtc_regions': ['newark', 'us-east', 'us-central', 'atlanta', 'us-south'], 'game_relationships': [], 'auth': {}, 'application': {'id': '1405903785418686575', 'flags': 557056}, '_trace': ['["gateway-prd-arm-us-east1-b-kg0s",{"micros":76353,"calls":["id_created",{"micros":468,"calls":[]},"session_lookup_time",{"micros":1586,"calls":[]},"session_lookup_finished",{"micros":20,"calls":[]},"discord-sessions-prd-2-151",{"micros":73753,"calls":["start_session",{"micros":66826,"calls":["discord-api-rpc-7fd585b4c8-bxql8",{"micros":44396,"calls":["get_user",{"micros":7493},"get_guilds",{"micros":4401},"send_scheduled_deletion_message",{"micros":16},"guild_join_requests",{"micros":2},"authorized_ip_coro",{"micros":14},"pending_payments",{"micros":9549},"apex_experiments",{"micros":3854},"user_activities",{"micros":5},"played_application_ids",{"micros":3}]}]},"starting_guild_connect",{"micros":28,"calls":[]},"presence_started",{"micros":1511,"calls":[]},"guilds_started",{"micros":62,"calls":[]},"lobbies_started",{"micros":1,"calls":[]},"guilds_connect",{"micros":1,"calls":[]},"presence_connect",{"micros":5306,"calls":[]},"connect_finished",{"micros":5309,"calls":[]},"build_ready",{"micros":13,"calls":[]},"clean_ready",{"micros":1,"calls":[]},"optimize_ready",{"micros":0,"calls":[]},"split_ready",{"micros":1,"calls":[]}]}]}]']}}
[2025-08-16 18:32:04] [DEBUG   ] discord.client: Dispatching event socket_event_type
[2025-08-16 18:32:04] [INFO    ] discord.gateway: Shard ID None has connected to Gateway (Session ID: d7f4d368164c6d0fb1d3560d4be62032).
[2025-08-16 18:32:04] [DEBUG   ] discord.client: Dispatching event connect
[2025-08-16 18:32:04] [DEBUG   ] discord.gateway: For Shard ID None: WebSocket Event: {'t': 'GUILD_CREATE', 's': 2, 'op': 0, 'd': {'banner': None, 'profile': None, 'voice_states': [], 'soundboard_sounds': [], 'preferred_locale': 'en-US', 'members': [{'user': {'username': 'Quiz Bowl Bot', 'public_flags': 0, 'primary_guild': None, 'id': '1405903785418686575', 'global_name': None, 'display_name_styles': None, 'display_name': None, 'discriminator': '9349', 'collectibles': None, 'bot': True, 'avatar_decoration_data': None, 'avatar': None}, 'roles': ['1405905413873860631'], 'premium_since': None, 'pending': False, 'nick': None, 'mute': False, 'joined_at': '2025-08-15T13:26:11.233000+00:00', 'flags': 0, 'deaf': False, 'communication_disabled_until': None, 'banner': None, 'avatar': None}], 'region': 'deprecated', 'stickers': [], 'system_channel_flags': 0, 'id': '1356404307255361546', 'unavailable': False, 'nsfw_level': 0, 'name': "BestRanger11's server", 'presences': [], 'discovery_splash': None, 'moderator_reporting': None, 'explicit_content_filter': 0, 'premium_tier': 0, 'inventory_settings': None, 'home_header': None, 'threads': [], 'stage_instances': [], 'safety_alerts_channel_id': None, 'nsfw': False, 'application_id': None, 'max_members': 25000000, 'latest_onboarding_question_id': None, 'splash': None, 'max_stage_video_channel_users': 50, 'vanity_url_code': None, 'description': None, 'rules_channel_id': None, 'owner_id': '724986178855501907', 'large': False, 'features': [], 'member_count': 2, 'public_updates_channel_id': None, 'joined_at': '2025-08-15T13:26:11.233000+00:00', 'default_message_notifications': 0, 'guild_scheduled_events': [], 'mfa_level': 0, 'premium_progress_bar_enabled': False, 'owner_configured_content_level': 0, 'channels': [{'version': 1743462387740, 'type': 4, 'position': 0, 'permission_overwrites': [], 'name': 'Text Channels', 'id': '1356404307708215428', 'flags': 0}, {'version': 1743462387752, 'type': 4, 'position': 0, 'permission_overwrites': [], 'name': 'Voice Channels', 'id': '1356404307708215429', 'flags': 0}, {'version': 1743462387788, 'type': 0, 'topic': None, 'rate_limit_per_user': 0, 'position': 0, 'permission_overwrites': [], 'parent_id': '1356404307708215428', 'name': 'general', 'last_message_id': '1406404031752175668', 'id': '1356404307708215430', 'icon_emoji': {'name': '👋', 'id': None}, 'flags': 0}, {'version': 1743462387801, 'user_limit': 0, 'type': 2, 'rtc_region': None, 'rate_limit_per_user': 0, 'position': 0, 'permission_overwrites': [], 'parent_id': '1356404307708215429', 'name': 'General', 'last_message_id': None, 'id': '1356404307708215431', 'icon_emoji': {'name': '🎙', 'id': None}, 'flags': 0, 'bitrate': 64000}], 'max_video_channel_users': 25, 'lazy': True, 'premium_subscription_count': 0, 'embedded_activities': [], 'system_channel_id': '1356404307708215430', 'premium_features': None, 'activity_instances': [], 'icon': None, 'afk_timeout': 300, 'version': 1745074013273, 'emojis': [], 'incidents_data': None, 'verification_level': 0, 'roles': [{'version': 1743462387721, 'unicode_emoji': None, 'tags': {}, 'position': 0, 'permissions': '2248473465835073', 'name': '@everyone', 'mentionable': False, 'managed': False, 'id': '1356404307255361546', 'icon': None, 'hoist': False, 'flags': 0, 'colors': {'tertiary_color': None, 'secondary_color': None, 'primary_color': 0}, 'color': 0}, {'version': 1755264371211, 'unicode_emoji': None, 'tags': {'bot_id': '1405903785418686575'}, 'position': 1, 'permissions': '563242011207744', 'name': 'Quiz Bowl Bot', 'mentionable': False, 'managed': True, 'id': '1405905413873860631', 'icon': None, 'hoist': False, 'flags': 0, 'colors': {'tertiary_color': None, 'secondary_color': None, 'primary_color': 0}, 'color': 0}], 'application_command_counts': {}, 'afk_channel_id': None, 'hub_type': None}}
[2025-08-16 18:32:04] [DEBUG   ] discord.client: Dispatching event socket_event_type
[2025-08-16 18:32:04] [DEBUG   ] discord.gateway: For Shard ID None: WebSocket Event: {'t': 'GUILD_MEMBERS_CHUNK', 's': 3, 'op': 0, 'd': {'nonce': 'f2421ef8fee4020c4beafccbb48d0eb4', 'members': [{'user': {'username': 'bestranger11', 'public_flags': 128, 'primary_guild': None, 'id': '724986178855501907', 'global_name': 'BestRanger11', 'display_name_styles': None, 'display_name': 'BestRanger11', 'discriminator': '0', 'collectibles': None, 'bot': False, 'avatar_decoration_data': None, 'avatar': 'c386c331c956456b21281593cbc318cd'}, 'roles': [], 'premium_since': None, 'pending': False, 'nick': None, 'mute': False, 'joined_at': '2025-03-31T23:06:27.643000+00:00', 'flags': 0, 'deaf': False, 'communication_disabled_until': None, 'banner': None, 'avatar': None}, {'user': {'username': 'Quiz Bowl Bot', 'public_flags': 0, 'primary_guild': None, 'id': '1405903785418686575', 'global_name': None, 'display_name_styles': None, 'display_name': None, 'discriminator': '9349', 'collectibles': None, 'bot': True, 'avatar_decoration_data': None, 'avatar': None}, 'roles': ['1405905413873860631'], 'premium_since': None, 'pending': False, 'nick': None, 'mute': False, 'joined_at': '2025-08-15T13:26:11.233000+00:00', 'flags': 0, 'deaf': False, 'communication_disabled_until': None, 'banner': None, 'avatar': None}], 'guild_id': '1356404307255361546', 'chunk_index': 0, 'chunk_count': 1}}
[2025-08-16 18:32:04] [DEBUG   ] discord.client: Dispatching event socket_event_type
[2025-08-16 18:32:04] [DEBUG   ] discord.state: Processed a chunk for 2 members in guild ID 1356404307255361546.
[2025-08-16 18:32:06] [DEBUG   ] discord.client: Dispatching event guild_available
[2025-08-16 18:32:06] [DEBUG   ] discord.client: Dispatching event ready
[2025-08-16 18:32:26] [DEBUG   ] discord.gateway: For Shard ID None: WebSocket Event: {'t': 'TYPING_START', 's': 4, 'op': 0, 'd': {'user_id': '724986178855501907', 'timestamp': 1755383544, 'member': {'user': {'username': 'bestranger11', 'public_flags': 128, 'primary_guild': None, 'id': '724986178855501907', 'global_name': 'BestRanger11', 'display_name_styles': None, 'display_name': 'BestRanger11', 'discriminator': '0', 'collectibles': None, 'bot': False, 'avatar_decoration_data': None, 'avatar': 'c386c331c956456b21281593cbc318cd'}, 'roles': [], 'premium_since': None, 'pending': False, 'nick': None, 'mute': False, 'joined_at': '2025-03-31T23:06:27.643000+00:00', 'flags': 0, 'deaf': False, 'communication_disabled_until': None, 'banner': None, 'avatar': None}, 'channel_id': '1356404307708215430', 'guild_id': '1356404307255361546'}}
[2025-08-16 18:32:26] [DEBUG   ] discord.client: Dispatching event socket_event_type
[2025-08-16 18:32:26] [DEBUG   ] discord.client: Dispatching event typing
[2025-08-16 18:32:26] [DEBUG   ] discord.client: Dispatching event raw_typing
[2025-08-16 18:32:26] [DEBUG   ] discord.gateway: For Shard ID None: WebSocket Event: {'t': 'MESSAGE_CREATE', 's': 5, 'op': 0, 'd': {'type': 0, 'tts': False, 'timestamp': '2025-08-16T22:32:24.676000+00:00', 'pinned': False, 'nonce': '1406405273202982912', 'mentions': [], 'mention_roles': [], 'mention_everyone': False, 'member': {'roles': [], 'premium_since': None, 'pending': False, 'nick': None, 'mute': False, 'joined_at': '2025-03-31T23:06:27.643000+00:00', 'flags': 0, 'deaf': False, 'communication_disabled_until': None, 'banner': None, 'avatar': None}, 'id': '1406405263967391996', 'flags': 0, 'embeds': [], 'edited_timestamp': None, 'content': '!read', 'components': [], 'channel_type': 0, 'channel_id': '1356404307708215430', 'author': {'username': 'bestranger11', 'public_flags': 128, 'primary_guild': None, 'id': '724986178855501907', 'global_name': 'BestRanger11', 'display_name_styles': None, 'discriminator': '0', 'collectibles': None, 'clan': None, 'avatar_decoration_data': None, 'avatar': 'c386c331c956456b21281593cbc318cd'}, 'attachments': [], 'guild_id': '1356404307255361546'}}
[2025-08-16 18:32:26] [DEBUG   ] discord.client: Dispatching event socket_event_type
[2025-08-16 18:32:26] [DEBUG   ] discord.client: Dispatching event message
[2025-08-16 18:32:26] [DEBUG   ] discord.client: Dispatching event command
[2025-08-16 18:32:27] [DEBUG   ] discord.http: POST https://discord.com/api/v10/channels/1356404307708215430/messages with {"content":"","components":[],"nonce":"8067940311874463596","enforce_nonce":true,"tts":false} has returned 400
[2025-08-16 18:32:27] [DEBUG   ] discord.http: POST /channels/{channel_id}/messages has found its initial rate limit bucket hash (3df15bae86f6647dd4dfcbd5c6949480).
[2025-08-16 18:32:27] [DEBUG   ] discord.client: Dispatching event command_error
[2025-08-16 18:32:27] [ERROR   ] discord.ext.commands.bot: Ignoring exception in command read
Traceback (most recent call last):
  File "C:\Users\BestR\AppData\Local\Programs\Python\Python313\Lib\site-packages\discord\ext\commands\core.py", line 235, in wrapped
    ret = await coro(*args, **kwargs)
          ^^^^^^^^^^^^^^^^^^^^^^^^^^^
  File "C:\Users\BestR\OneDrive\Desktop\DiscordBot\main.py", line 82, in read
    await ctx.send(part1_q)
  File "C:\Users\BestR\AppData\Local\Programs\Python\Python313\Lib\site-packages\discord\ext\commands\context.py", line 1043, in send
    return await super().send(
           ^^^^^^^^^^^^^^^^^^^
    ...<16 lines>...
    )  # type: ignore # The overloads don't support Optional but the implementation does
    ^
  File "C:\Users\BestR\AppData\Local\Programs\Python\Python313\Lib\site-packages\discord\abc.py", line 1644, in send
    data = await state.http.send_message(channel.id, params=params)
           ^^^^^^^^^^^^^^^^^^^^^^^^^^^^^^^^^^^^^^^^^^^^^^^^^^^^^^^^
  File "C:\Users\BestR\AppData\Local\Programs\Python\Python313\Lib\site-packages\discord\http.py", line 762, in request
    raise HTTPException(response, data)
discord.errors.HTTPException: 400 Bad Request (error code: 50006): Cannot send an empty message

The above exception was the direct cause of the following exception:

Traceback (most recent call last):
  File "C:\Users\BestR\AppData\Local\Programs\Python\Python313\Lib\site-packages\discord\ext\commands\bot.py", line 1366, in invoke
    await ctx.command.invoke(ctx)
  File "C:\Users\BestR\AppData\Local\Programs\Python\Python313\Lib\site-packages\discord\ext\commands\core.py", line 1029, in invoke
    await injected(*ctx.args, **ctx.kwargs)  # type: ignore
    ^^^^^^^^^^^^^^^^^^^^^^^^^^^^^^^^^^^^^^^
  File "C:\Users\BestR\AppData\Local\Programs\Python\Python313\Lib\site-packages\discord\ext\commands\core.py", line 244, in wrapped
    raise CommandInvokeError(exc) from exc
discord.ext.commands.errors.CommandInvokeError: Command raised an exception: HTTPException: 400 Bad Request (error code: 50006): Cannot send an empty message
[2025-08-16 18:32:31] [DEBUG   ] discord.gateway: For Shard ID None: WebSocket Event: {'t': 'TYPING_START', 's': 6, 'op': 0, 'd': {'user_id': '724986178855501907', 'timestamp': 1755383549, 'member': {'user': {'username': 'bestranger11', 'public_flags': 128, 'primary_guild': None, 'id': '724986178855501907', 'global_name': 'BestRanger11', 'display_name_styles': None, 'display_name': 'BestRanger11', 'discriminator': '0', 'collectibles': None, 'bot': False, 'avatar_decoration_data': None, 'avatar': 'c386c331c956456b21281593cbc318cd'}, 'roles': [], 'premium_since': None, 'pending': False, 'nick': None, 'mute': False, 'joined_at': '2025-03-31T23:06:27.643000+00:00', 'flags': 0, 'deaf': False, 'communication_disabled_until': None, 'banner': None, 'avatar': None}, 'channel_id': '1356404307708215430', 'guild_id': '1356404307255361546'}}
[2025-08-16 18:32:31] [DEBUG   ] discord.client: Dispatching event socket_event_type
[2025-08-16 18:32:31] [DEBUG   ] discord.client: Dispatching event typing
[2025-08-16 18:32:31] [DEBUG   ] discord.client: Dispatching event raw_typing
[2025-08-16 18:32:35] [DEBUG   ] discord.gateway: For Shard ID None: WebSocket Event: {'t': 'MESSAGE_CREATE', 's': 7, 'op': 0, 'd': {'type': 0, 'tts': False, 'timestamp': '2025-08-16T22:32:33.432000+00:00', 'pinned': False, 'nonce': '1406405309857005568', 'mentions': [], 'mention_roles': [], 'mention_everyone': False, 'member': {'roles': [], 'premium_since': None, 'pending': False, 'nick': None, 'mute': False, 'joined_at': '2025-03-31T23:06:27.643000+00:00', 'flags': 0, 'deaf': False, 'communication_disabled_until': None, 'banner': None, 'avatar': None}, 'id': '1406405300692455436', 'flags': 0, 'embeds': [], 'edited_timestamp': None, 'content': '!hardbonus', 'components': [], 'channel_type': 0, 'channel_id': '1356404307708215430', 'author': {'username': 'bestranger11', 'public_flags': 128, 'primary_guild': None, 'id': '724986178855501907', 'global_name': 'BestRanger11', 'display_name_styles': None, 'discriminator': '0', 'collectibles': None, 'clan': None, 'avatar_decoration_data': None, 'avatar': 'c386c331c956456b21281593cbc318cd'}, 'attachments': [], 'guild_id': '1356404307255361546'}}
[2025-08-16 18:32:35] [DEBUG   ] discord.client: Dispatching event socket_event_type
[2025-08-16 18:32:35] [DEBUG   ] discord.client: Dispatching event message
[2025-08-16 18:32:35] [DEBUG   ] discord.client: Dispatching event command
[2025-08-16 18:32:35] [DEBUG   ] discord.gateway: For Shard ID None: WebSocket Event: {'t': 'MESSAGE_CREATE', 's': 8, 'op': 0, 'd': {'type': 0, 'tts': False, 'timestamp': '2025-08-16T22:32:33.529000+00:00', 'pinned': False, 'nonce': '3007258715871169631', 'mentions': [], 'mention_roles': [], 'mention_everyone': False, 'member': {'roles': ['1405905413873860631'], 'premium_since': None, 'pending': False, 'nick': None, 'mute': False, 'joined_at': '2025-08-15T13:26:11.233000+00:00', 'flags': 0, 'deaf': False, 'communication_disabled_until': None, 'banner': None, 'avatar': None}, 'id': '1406405301099303043', 'flags': 0, 'embeds': [], 'edited_timestamp': None, 'content': 'New Hard Bonus Set', 'components': [], 'channel_type': 0, 'channel_id': '1356404307708215430', 'author': {'username': 'Quiz Bowl Bot', 'public_flags': 0, 'primary_guild': None, 'id': '1405903785418686575', 'global_name': None, 'display_name_styles': None, 'discriminator': '9349', 'collectibles': None, 'clan': None, 'bot': True, 'avatar_decoration_data': None, 'avatar': None}, 'attachments': [], 'guild_id': '1356404307255361546'}}
[2025-08-16 18:32:35] [DEBUG   ] discord.client: Dispatching event socket_event_type
[2025-08-16 18:32:35] [DEBUG   ] discord.client: Dispatching event message
[2025-08-16 18:32:35] [DEBUG   ] discord.http: POST https://discord.com/api/v10/channels/1356404307708215430/messages with {"content":"New Hard Bonus Set","components":[],"nonce":"3007258715871169631","enforce_nonce":true,"tts":false} has returned 200
[2025-08-16 18:32:35] [DEBUG   ] discord.http: POST https://discord.com/api/v10/channels/1356404307708215430/messages has received {'type': 0, 'content': 'New Hard Bonus Set', 'mentions': [], 'mention_roles': [], 'attachments': [], 'embeds': [], 'timestamp': '2025-08-16T22:32:33.529000+00:00', 'edited_timestamp': None, 'flags': 0, 'components': [], 'id': '1406405301099303043', 'channel_id': '1356404307708215430', 'author': {'id': '1405903785418686575', 'username': 'Quiz Bowl Bot', 'avatar': None, 'discriminator': '9349', 'public_flags': 0, 'flags': 0, 'bot': True, 'banner': None, 'accent_color': None, 'global_name': None, 'avatar_decoration_data': None, 'collectibles': None, 'display_name_styles': None, 'banner_color': None, 'clan': None, 'primary_guild': None}, 'pinned': False, 'mention_everyone': False, 'tts': False, 'nonce': '3007258715871169631'}
[2025-08-16 18:32:35] [DEBUG   ] discord.client: Dispatching event command_completion
